[solace-store.com/index.html]
[backblue.gif]
[fade.gif]
[index.html]
[cdn.shopify.com/s/files/1/0605/2062/8438/t/1/assets/cover2ef8.png]
[cdn.shopify.com/shopifycloud/storefront-recaptcha-v3/v0.6/index.js]
[cdn.shopify.com/shopifycloud/shopify/assets/storefront/load_feature-7e72fb4d14f06d60c57306b80dc146f0ecdbe4e4c0941f4f3537bee4d54314af.js]
[cdn.shopify.com/shopifycloud/shopify/assets/storefront/features-87e8399988880142f2c62771b9d8f2ff6c290b3ff745dd426eb0dfe0db9d1dae.js]
[cdn.shopify.com/s/files/1/0605/2062/8438/t/1/assets/appe51b.css]
[cdn.shopify.com/s/files/1/0605/2062/8438/t/1/assets/favicon1df4.png]
[solace-store.com/POST]
[cdn.shopify.com/s/trekkie.storefront.6967fb130a629a5a38a7939e6f3366da4c6e3e41.min.js]
[cdn.shopify.com/shopifycloud/shopify/assets/shop_events_listener-53e1c676e346080489adfcb36af1739b2d334a9e308c6ff2d84d3de1bc4e6ce0.js]
[cdn.shopify.com/shopifycloud/boomerang/shopify-boomerang-1.0.0.min.js]
[cdn.shopify.com/s/files/1/0605/2062/8438/files/SolaceEnv065790.jpg]
[cdn.shopify.com/s/files/1/0605/2062/8438/files/LIGHT_F1cd44.png]
[cdn.shopify.com/s/files/1/0605/2062/8438/files/DECOR_D6241.jpg]
[cdn.shopify.com/s/files/1/0605/2062/8438/files/SCENE01_18535.jpg]
[cdn.shopify.com/s/files/1/0605/2062/8438/files/LIGHT_D159ec.png]
[cdn.shopify.com/s/files/1/0605/2062/8438/files/SCENE05_v9632.jpg]
[cdn.shopify.com/s/files/1/0605/2062/8438/files/DECOR_H127f0.jpg]
[solace-store.com/pages/privacy-policy.html]
[solace-store.com/collections/all.html]
[solace-store.com/pages/about.html]
[solace-store.com/blogs/news.html]
[solace-store.com/pages/contact.html]
[solace-store.com/pages/lookbook.html]
[solace-store.com/products/wood-chair.html]
[solace-store.com/collections/decor.html]
[solace-store.com/collections/chairs.html]
[solace-store.com/collections/ceramic.html]
[solace-store.com/collections/lamp.html]
[cdn.shopify.com/s/files/1/0605/2062/8438/files/CHAR_D4ab5.png]
[solace-store.com/products/native-iron-chair.html]
[cdn.shopify.com/s/files/1/0605/2062/8438/files/LIGHT_De6ab.png]
[cdn.shopify.com/s/files/1/0605/2062/8438/files/LIGHT_C0382.jpg]
[cdn.shopify.com/s/files/1/0605/2062/8438/files/LIGHT_Fcd3e.png]
[cdn.shopify.com/s/files/1/0605/2062/8438/files/LIGHT_Af677.png]
[cdn.shopify.com/s/files/1/0605/2062/8438/files/DECOR_Hbec0.jpg]
[cdn.shopify.com/s/files/1/0605/2062/8438/products/CHARD1_700xc8e0.png]
[cdn.shopify.com/s/files/1/0605/2062/8438/files/CHAR_D_700x4ab5.png]
[solace-store.com/products/native-iron-chair063e.html]
[solace-store.com/products/native-iron-chairf474.html]
[solace-store.com/products/native-iron-chair7f77.html]
[solace-store.com/products/native-iron-chairb8f3.html]
[solace-store.com/products/onyx-wood-chair.html]
[cdn.shopify.com/s/files/1/0605/2062/8438/products/CHARA1_700xc818.png]
[cdn.shopify.com/s/files/1/0605/2062/8438/files/CHAR_A_700x518a.png]
[solace-store.com/products/onyx-wood-chaire845.html]
[solace-store.com/products/onyx-wood-chair3163.html]
[solace-store.com/products/onyx-wood-chair603f.html]
[solace-store.com/products/onyx-wood-chair7422.html]
[solace-store.com/products/native-light-chair.html]
[cdn.shopify.com/s/files/1/0605/2062/8438/products/CHARE1_700x5b12.png]
[cdn.shopify.com/s/files/1/0605/2062/8438/files/CHAR_E_700xb583.png]
[solace-store.com/products/native-light-chair0b91.html]
[solace-store.com/products/native-light-chair3672.html]
[solace-store.com/products/native-light-chair5b7a.html]
[solace-store.com/products/native-light-chair0b8f.html]
[solace-store.com/products/paola-wood-chair.html]
[cdn.shopify.com/s/files/1/0605/2062/8438/products/CHARB1_700x6a15.png]
[cdn.shopify.com/s/files/1/0605/2062/8438/files/CHAR_B_700x16cb.png]
[solace-store.com/products/paola-wood-chair2048.html]
[solace-store.com/products/paola-wood-chair7562.html]
[solace-store.com/products/paola-wood-chair0cf3.html]
[solace-store.com/products/paola-wood-chaircfe1.html]
[cdn.shopify.com/s/files/1/0605/2062/8438/products/CHARF1a29e.png]
[cdn.shopify.com/s/files/1/0605/2062/8438/products/CHARF1_700xa29e.png]
[cdn.shopify.com/s/files/1/0605/2062/8438/files/CHAR_F_700xa5b3.jpg]
[solace-store.com/products/wood-chair0ac4.html]
[solace-store.com/products/wood-chair8f0a.html]
[solace-store.com/products/wood-chair09eb.html]
[solace-store.com/products/wood-chairbf98.html]
[solace-store.com/products/divit-sphere.html]
[cdn.shopify.com/s/files/1/0605/2062/8438/products/DECORD1_5d7da8c8-e8fc-4266-9078-a44629fcc89f_700xff0c.jpg]
[cdn.shopify.com/s/files/1/0605/2062/8438/files/DECOR_D_700x6241.jpg]
[solace-store.com/products/divit-sphere16c4.html]
[solace-store.com/products/divit-sphereda7a.html]
[solace-store.com/products/divit-sphere74d6.html]
[cdn.shopify.com/s/files/1/0605/2062/8438/files/SolaceEnv07471b.jpg]
[solace-store.com/products/divit-sphere0a9b.html]
[cdn.shopify.com/s/files/1/0605/2062/8438/files/SCENE01_1_800x8535.jpg]
[cdn.shopify.com/s/files/1/0605/2062/8438/files/SCENE04_1_800x22c5.jpg]
[cdn.shopify.com/s/files/1/0605/2062/8438/files/SolaceEnv06_800x5790.jpg]
[cdn.shopify.com/s/files/1/0605/2062/8438/files/DECOR_D_800x6241.jpg]
[cdn.shopify.com/s/files/1/0605/2062/8438/files/SCENE05_v_800x9632.jpg]
[cdn.shopify.com/s/files/1/0605/2062/8438/files/CHAR_C_800xb277.png]
[solace-store.com/products/atajux-lamp.html]
[cdn.shopify.com/s/files/1/0605/2062/8438/products/LIGHTD1_700x672a.png]
[cdn.shopify.com/s/files/1/0605/2062/8438/files/LIGHT_D_700xe6ab.png]
[solace-store.com/products/atajux-lampe469.html]
[solace-store.com/products/atajux-lampaefb.html]
[solace-store.com/products/atajux-lamp473a.html]
[solace-store.com/products/atajux-lamp1ec2.html]
[solace-store.com/products/funyl-lamp.html]
[cdn.shopify.com/s/files/1/0605/2062/8438/products/LIGHTF1_700x5756.png]
[cdn.shopify.com/s/files/1/0605/2062/8438/files/LIGHT_F_700xcd3e.png]
[solace-store.com/products/funyl-lampcbe6.html]
[solace-store.com/products/funyl-lamp70e0.html]
[solace-store.com/products/funyl-lamp9368.html]
[solace-store.com/products/funyl-lamp521f.html]
[solace-store.com/products/nobrega-lamp.html]
[cdn.shopify.com/s/files/1/0605/2062/8438/products/LIGHTB1_700xe2fd.png]
[cdn.shopify.com/s/files/1/0605/2062/8438/files/LIGHT_B_700x1b04.jpg]
[solace-store.com/products/nobrega-lampab47.html]
[solace-store.com/products/nobrega-lamp300a.html]
[solace-store.com/products/nobrega-lamp2831.html]
[solace-store.com/products/nobrega-lamp8659.html]
[solace-store.com/products/aramado-lamp.html]
[cdn.shopify.com/s/files/1/0605/2062/8438/products/LIGHTG1_700x6e3c.png]
[cdn.shopify.com/s/files/1/0605/2062/8438/files/LIGHT_G_700xc42f.png]
[solace-store.com/products/aramado-lampf559.html]
[solace-store.com/products/aramado-lamp25bc.html]
[solace-store.com/products/aramado-lamp4421.html]
[solace-store.com/products/aramado-lampc3bd.html]
[solace-store.com/products/nobrega-light-lamp.html]
[cdn.shopify.com/s/files/1/0605/2062/8438/products/LIGHTC1_700x5b48.png]
[cdn.shopify.com/s/files/1/0605/2062/8438/files/LIGHT_C_700x0382.jpg]
[solace-store.com/products/nobrega-light-lamp6887.html]
[solace-store.com/products/nobrega-light-lamp67ae.html]
[solace-store.com/products/nobrega-light-lamp8889.html]
[cdn.shopify.com/s/files/1/0605/2062/8438/files/DECOR_A9d99.jpg]
[solace-store.com/products/nobrega-light-lampda3c.html]
[cdn.shopify.com/s/files/1/0605/2062/8438/files/CHAR_Ebe81.png]
[solace-store.com/blogs/news/sarah-vaile-remixes-a-manhattan-pied-a-terre-for-a-new-chicago-apartment.html]
[cdn.shopify.com/s/files/1/0605/2062/8438/articles/aaron-huber-G7sE2S4Lab4-unsplash6ea8.jpg]
[cdn.shopify.com/s/files/1/0605/2062/8438/articles/lisa-moyneur-yAlH5qA7qk0-unsplashcfb0.jpg]
[solace-store.com/blogs/news/inside-a-playful-bohemian-beach-house-on-marthas-vineyard.html]
[solace-store.com/blogs/news/modern-texas-home-is-beautiful-and-completely-kid-friendly.html]
[cdn.shopify.com/s/files/1/0605/2062/8438/articles/jared-rice-PibraWHb4h8-unsplash01a8.jpg]
[solace-store.com/blogs/news/this-tudor-style-home-in-chicagos-north-shore-is-chock-full-of-facebook-marketplace-finds.html]
[cdn.shopify.com/s/files/1/0605/2062/8438/articles/jonathan-borba-oR_cCAa7Lsg-unsplash1273.jpg]
[cdn.shopify.com/s/files/1/0605/2062/8438/files/SCENE03_170b2.jpg]
[solace-store.com/account/login.html]
[solace-store.com/pages/refund-policy.html]
[solace-store.com/index.html]
[cdn.shopify.com/s/files/1/0605/2062/8438/t/1/assets/appe51b.css]
[solace-store.com/POST.html]
[solace-store.com/pages/POST.84.delayed]
[solace-store.com/pages/www.allaboutcookies.org]
[solace-store.com/pages/privacy-policy.html]
[solace-store.com/collections/all.atom]
[cdn.shopify.com/s/files/1/0605/2062/8438/t/1/assets/app.bundle8e34.js]
[solace-store.com/collections/all.oembed]
[solace-store.com/collections/POST.88.delayed]
[solace-store.com/collections/all.html]
[cdn.shopify.com/s/files/1/0605/2062/8438/files/DECOR_C_700x1ef4.jpg]
[solace-store.com/pages/about.html]
[solace-store.com/blogs/news.atom]
[solace-store.com/blogs/POST]
[solace-store.com/blogs/news.html]
[cdn.shopify.com/s/files/1/0605/2062/8438/files/DECOR_Ec070.jpg]
[solace-store.com/pages/contact.html]
[solace-store.com/blogs/news/tagged/featured.html]
[cdn.shopify.com/s/files/1/0605/2062/8438/files/SCENE03_1_dd69ec72-492e-4855-bb76-058cc38751998613.jpg]
[cdn.shopify.com/s/files/1/0605/2062/8438/files/DECOR_C1ef4.jpg]
[cdn.shopify.com/s/files/1/0605/2062/8438/files/Video-Frame-Mockup-Creator-82542.jpg]
[cdn.shopify.com/s/files/1/0605/2062/8438/files/SolaceEnv09ee9e.jpg]
[cdn.shopify.com/s/files/1/0605/2062/8438/files/SCENE04_122c5.jpg]
[cdn.shopify.com/s/files/1/0605/2062/8438/files/LIGHT_E2f9e.png]
[cdn.shopify.com/s/files/1/0605/2062/8438/files/CHAR_Cb277.png]
[cdn.shopify.com/s/files/1/0605/2062/8438/files/DECOR_F2632.jpg]
[cdn.shopify.com/s/files/1/0605/2062/8438/files/CHAR_B16cb.png]
[cdn.shopify.com/s/files/1/0605/2062/8438/files/LIGHT_B1b04.jpg]
[cdn.shopify.com/s/files/1/0605/2062/8438/files/Video-Frame-Mockup-Creator-29226.jpg]
[cdn.shopify.com/s/files/1/0605/2062/8438/files/DECOR_B790f.jpg]
[solace-store.com/pages/lookbook.html]
[solace-store.com/products/wood-chair.oembed]
[solace-store.com/products/POST]
[solace-store.com/collections/furnitures.html]
[solace-store.com/collections/wood.html]
[cdn.shopify.com/s/files/1/0605/2062/8438/products/CHARF5296.jpg]
[cdn.shopify.com/s/files/1/0605/2062/8438/products/CHARF29cef.png]
[cdn.shopify.com/s/files/1/0605/2062/8438/products/CHARF30910.png]
[cdn.shopify.com/s/files/1/0605/2062/8438/products/CHARF4c366.png]
[cdn.shopify.com/s/files/1/0605/2062/8438/products/CHARD1c8e0.png]
[solace-store.com/products/elen-wood-chair.html]
[cdn.shopify.com/s/files/1/0605/2062/8438/products/CHARC1_700x9ccf.jpg]
[cdn.shopify.com/s/files/1/0605/2062/8438/files/CHAR_C_700xb277.png]
[solace-store.com/products/elen-wood-chair360a.html]
[solace-store.com/products/elen-wood-chair4757.html]
[solace-store.com/products/elen-wood-chair9a96.html]
[solace-store.com/products/wood-chair.html]
[solace-store.com/products/elen-wood-chair64ac.html]
[solace-store.com/collections/decor.atom]
[solace-store.com/collections/decor.html]
[solace-store.com/collections/decor.oembed]
[solace-store.com/collections/chairs.atom]
[solace-store.com/collections/chairs.html]
[solace-store.com/collections/chairs.oembed]
[solace-store.com/collections/ceramic.atom]
[solace-store.com/collections/ceramic.html]
[solace-store.com/collections/ceramic.oembed]
[solace-store.com/collections/lamp.atom]
[solace-store.com/collections/lamp.html]
[solace-store.com/collections/lamp.oembed]
[solace-store.com/products/native-iron-chair.oembed]
[solace-store.com/collections/iron.html]
[cdn.shopify.com/s/files/1/0605/2062/8438/products/CHARDc8e0.png]
[cdn.shopify.com/s/files/1/0605/2062/8438/products/CHARD2e34f.png]
[cdn.shopify.com/s/files/1/0605/2062/8438/products/CHARD3c8e0.png]
[cdn.shopify.com/s/files/1/0605/2062/8438/products/CHARD4c8e0.png]
[cdn.shopify.com/s/files/1/0605/2062/8438/products/CHARE15b12.png]
[cdn.shopify.com/s/files/1/0605/2062/8438/products/LIGHTA1_700xaf8a.png]
[solace-store.com/products/mommy-lamp.html]
[cdn.shopify.com/s/files/1/0605/2062/8438/files/LIGHT_A_700xf677.png]
[solace-store.com/products/mommy-lampef49.html]
[solace-store.com/products/mommy-lampbc5c.html]
[solace-store.com/products/mommy-lamp703e.html]
[solace-store.com/products/mommy-lampf27d.html]
[solace-store.com/products/native-iron-chair.html]
[solace-store.com/products/native-iron-chair063e.html]
[solace-store.com/products/native-iron-chairf474.html]
[solace-store.com/products/native-iron-chair7f77.html]
[solace-store.com/products/native-iron-chairb8f3.html]
[solace-store.com/products/onyx-wood-chair.oembed]
[cdn.shopify.com/s/files/1/0605/2062/8438/products/CHARA1c818.png]
[cdn.shopify.com/s/files/1/0605/2062/8438/products/CHARAc818.png]
[cdn.shopify.com/s/files/1/0605/2062/8438/products/CHARA2c818.png]
[cdn.shopify.com/s/files/1/0605/2062/8438/products/CHARA3c818.png]
[cdn.shopify.com/s/files/1/0605/2062/8438/products/CHARA4c818.png]
[solace-store.com/products/iglenix-vase.html]
[cdn.shopify.com/s/files/1/0605/2062/8438/products/DECORG1_700x63d6.jpg]
[cdn.shopify.com/s/files/1/0605/2062/8438/files/DECOR_G_700xbce8.jpg]
[solace-store.com/products/iglenix-vasea702.html]
[solace-store.com/products/iglenix-vase1df3.html]
[solace-store.com/products/iglenix-vase1acf.html]
[solace-store.com/products/onyx-wood-chair.html]
[solace-store.com/products/onyx-wood-chaire845.html]
[solace-store.com/products/onyx-wood-chair3163.html]
[solace-store.com/products/onyx-wood-chair603f.html]
[solace-store.com/products/onyx-wood-chair7422.html]
[solace-store.com/products/iglenix-vasea5fe.html]
[solace-store.com/products/native-light-chair.oembed]
[cdn.shopify.com/s/files/1/0605/2062/8438/products/CHARE5b12.png]
[cdn.shopify.com/s/files/1/0605/2062/8438/products/CHARE25b12.png]
[cdn.shopify.com/s/files/1/0605/2062/8438/products/CHARE35b12.png]
[cdn.shopify.com/s/files/1/0605/2062/8438/products/CHARE45b12.jpg]
[solace-store.com/products/native-light-chair.html]
[solace-store.com/products/native-light-chair0b91.html]
[solace-store.com/products/native-light-chair3672.html]
[solace-store.com/products/native-light-chair5b7a.html]
[solace-store.com/products/native-light-chair0b8f.html]
[solace-store.com/products/paola-wood-chair.oembed]
[cdn.shopify.com/s/files/1/0605/2062/8438/products/CHARB16a15.png]
[cdn.shopify.com/s/files/1/0605/2062/8438/products/CHARBaf76.png]
[cdn.shopify.com/s/files/1/0605/2062/8438/products/CHARB26a15.png]
[solace-store.com/products/paola-wood-chair.html]
[solace-store.com/products/paola-wood-chair2048.html]
[solace-store.com/products/paola-wood-chair7562.html]
[solace-store.com/products/paola-wood-chair0cf3.html]
[solace-store.com/products/paola-wood-chaircfe1.html]
[solace-store.com/products/wood-chair0ac4.html]
[solace-store.com/products/wood-chair8f0a.html]
[solace-store.com/products/wood-chair09eb.html]
[solace-store.com/products/wood-chairbf98.html]
[solace-store.com/products/divit-sphere.oembed]
[cdn.shopify.com/s/files/1/0605/2062/8438/products/DECORD1_5d7da8c8-e8fc-4266-9078-a44629fcc89fff0c.jpg]
[cdn.shopify.com/s/files/1/0605/2062/8438/products/DECORD87e7.jpg]
[solace-store.com/products/fraxinus-dashe.html]
[cdn.shopify.com/s/files/1/0605/2062/8438/products/DECORB1_3e0e173b-c5e4-4031-a150-89f490946fffc438.jpg]
[solace-store.com/products/century-dashe.html]
[cdn.shopify.com/s/files/1/0605/2062/8438/products/DECORA1_700x42d5.jpg]
[cdn.shopify.com/s/files/1/0605/2062/8438/files/DECOR_A_700x35b9.jpg]
[solace-store.com/products/century-dashe2721.html]
[solace-store.com/products/century-dashed171.html]
[solace-store.com/products/century-dasheee53.html]
[solace-store.com/products/century-dashe7bd3.html]
[solace-store.com/products/iglenix-s-vase.html]
[cdn.shopify.com/s/files/1/0605/2062/8438/products/DECORF1_700x6d9d.jpg]
[cdn.shopify.com/s/files/1/0605/2062/8438/files/DECOR_F_700x2632.jpg]
[solace-store.com/products/iglenix-s-vasea4c9.html]
[solace-store.com/products/iglenix-s-vase4b4f.html]
[solace-store.com/products/iglenix-s-vase20ae.html]
[solace-store.com/products/divit-sphere.html]
[solace-store.com/products/divit-sphere16c4.html]
[solace-store.com/products/divit-sphereda7a.html]
[solace-store.com/products/divit-sphere74d6.html]
[solace-store.com/products/divit-sphere0a9b.html]
[solace-store.com/products/iglenix-s-vase762e.html]
[solace-store.com/products/atajux-lamp.oembed]
[cdn.shopify.com/s/files/1/0605/2062/8438/products/LIGHTD1672a.png]
[cdn.shopify.com/s/files/1/0605/2062/8438/products/LIGHTD8175.png]
[cdn.shopify.com/s/files/1/0605/2062/8438/products/LIGHTG16e3c.png]
[solace-store.com/products/voiled-lamp.html]
[cdn.shopify.com/s/files/1/0605/2062/8438/products/LIGHTE1_700xd056.png]
[cdn.shopify.com/s/files/1/0605/2062/8438/files/LIGHT_E_700x2f9e.png]
[solace-store.com/products/voiled-lamp4bf5.html]
[solace-store.com/products/voiled-lamp0bed.html]
[solace-store.com/products/voiled-lamp0013.html]
[solace-store.com/products/voiled-lampb96e.html]
[solace-store.com/products/atajux-lamp.html]
[solace-store.com/products/atajux-lampe469.html]
[solace-store.com/products/atajux-lampaefb.html]
[solace-store.com/products/atajux-lamp473a.html]
[solace-store.com/products/atajux-lamp1ec2.html]
[solace-store.com/products/funyl-lamp.oembed]
[cdn.shopify.com/s/files/1/0605/2062/8438/products/LIGHTF15756.png]
[cdn.shopify.com/s/files/1/0605/2062/8438/products/LIGHTF5756.png]
[solace-store.com/products/funyl-lamp.html]
[solace-store.com/products/funyl-lampcbe6.html]
[solace-store.com/products/funyl-lamp70e0.html]
[solace-store.com/products/funyl-lamp9368.html]
[solace-store.com/products/funyl-lamp521f.html]
[solace-store.com/products/nobrega-lamp.oembed]
[cdn.shopify.com/s/files/1/0605/2062/8438/products/LIGHTB1e2fd.png]
[cdn.shopify.com/s/files/1/0605/2062/8438/products/LIGHTBe2fd.jpg]
[cdn.shopify.com/s/files/1/0605/2062/8438/products/LIGHTE1d056.png]
[solace-store.com/products/nobrega-lamp.html]
[solace-store.com/products/nobrega-lampab47.html]
[solace-store.com/products/nobrega-lamp300a.html]
[solace-store.com/products/nobrega-lamp2831.html]
[solace-store.com/products/nobrega-lamp8659.html]
[solace-store.com/products/aramado-lamp.oembed]
[cdn.shopify.com/s/files/1/0605/2062/8438/products/LIGHTG6e3c.png]
[cdn.shopify.com/s/files/1/0605/2062/8438/products/LIGHTC15b48.png]
[solace-store.com/products/aramado-lamp.html]
[solace-store.com/products/aramado-lampf559.html]
[solace-store.com/products/aramado-lamp25bc.html]
[solace-store.com/products/aramado-lamp4421.html]
[solace-store.com/products/aramado-lampc3bd.html]
[solace-store.com/products/nobrega-light-lamp.oembed]
[cdn.shopify.com/s/files/1/0605/2062/8438/products/LIGHTC8fe4.jpg]
[solace-store.com/products/nobrega-light-lamp.html]
[solace-store.com/products/nobrega-light-lamp6887.html]
[solace-store.com/products/nobrega-light-lamp67ae.html]
[solace-store.com/products/nobrega-light-lamp8889.html]
[solace-store.com/products/nobrega-light-lampda3c.html]
[solace-store.com/blogs/news/POST.100.delayed]
[cdn.accentuate.io/586699505878/1634175522961/bunn13-1629139565a4f0.jpg]
[cdn.accentuate.io/586699505878/1634175533425/bunn14-1629139490a4f0.jpg]
[cdn.accentuate.io/586699505878/1634175542201/bunn21-1629138490a4f0.jpg]
[cdn.accentuate.io/586699505878/1634175551092/bunn22-1632859974a4f0.jpg]
[cdn.accentuate.io/586699505878/1634180217751/hutomo-abrianto-X5BWooeO4Cw-unsplasha4f0.jpg]
[cdn.accentuate.io/586699505878/1634180219202/steven-ungermann-L1Nt0O4Cv3g-unsplasha4f0.jpg]
[solace-store.com/blogs/news/sarah-vaile-remixes-a-manhattan-pied-a-terre-for-a-new-chicago-apartment.html]
[cdn.accentuate.io/586699440342/1634173169918/20210321-js-marthasvineyard2442-1633124866a4f0.jpg]
[cdn.accentuate.io/586699440342/1634173199331/20210321-js-marthasvineyard2465-1633124945a4f0.jpg]
[cdn.accentuate.io/586699440342/1634173325353/20210321-js-marthasvineyard2355-1633125007a4f0.jpg]
[cdn.accentuate.io/586699440342/1634173401884/20210321-js-marthasvineyard2253-1633125667a4f0.jpg]
[cdn.accentuate.io/586699440342/1634173559224/zac-gudakov-bFQsXSLaF84-unsplashc1ab.jpg]
[cdn.accentuate.io/586699440342/1634173560546/sidekix-media-wRzBarqn3hs-unsplashed70.jpg]
[cdn.accentuate.io/586699440342/1634173561742/alberto-castillo-q-mx4mSkK9zeo-unsplashb670.jpg]
[solace-store.com/blogs/news/inside-a-playful-bohemian-beach-house-on-marthas-vineyard.html]
[cdn.accentuate.io/586699473110/1634174797429/ahoward-pemberton-0083-1632769184a4f0.jpg]
[cdn.accentuate.io/586699473110/1634174805739/ahoward-pemberton-0129-1632769240a4f0.jpg]
[cdn.accentuate.io/586699473110/1634174742154/ahoward-pemberton-0273x-3-1632768979a4f0.jpg]
[cdn.accentuate.io/586699473110/1634174720854/ahoward-pemberton-0343-1632768918a4f0.jpg]
[cdn.accentuate.io/586699473110/1634174780237/hutomo-abrianto-X5BWooeO4Cw-unsplashd3dc.jpg]
[cdn.accentuate.io/586699473110/1634174781316/alberto-castillo-q-mx4mSkK9zeo-unsplashe185.jpg]
[cdn.accentuate.io/586699473110/1634174782344/zac-gudakov-EKUtjWUtPC0-unsplashe484.jpg]
[solace-store.com/blogs/news/modern-texas-home-is-beautiful-and-completely-kid-friendly.html]
[cdn.accentuate.io/586699407574/1634171897723/orchardlane16-1633359887a4f0.jpg]
[cdn.accentuate.io/586699407574/1634171919185/orchardlane11-1633360655a4f0.jpg]
[cdn.accentuate.io/586699407574/1634172050212/orchardlane05-1633359437a4f0.jpg]
[cdn.accentuate.io/586699407574/1634172090303/orchardlane22-1633360138a4f0.jpg]
[cdn.accentuate.io/586699407574/1634180134644/sidekix-media-wRzBarqn3hs-unsplasha4f0.jpg]
[cdn.accentuate.io/586699407574/1634180136317/aaron-huber-G7sE2S4Lab4-unsplasha4f0.jpg]
[solace-store.com/blogs/news/this-tudor-style-home-in-chicagos-north-shore-is-chock-full-of-facebook-marketplace-finds.html]
[solace-store.com/account/POST.11b.delayed]
[solace-store.com/account/login.html]
[solace-store.com/pages/refund-policy.html]
[solace-store.com/pages/POST.html]
[solace-store.com/pages/www.allaboutcookies.html]
[solace-store.com/collections/POST.html]
[solace-store.com/blogs/POST.html]
[solace-store.com/account/register.html]
[solace-store.com/blogs/news/tagged/featured.atom]
[solace-store.com/blogs/news/tagged/POST]
[solace-store.com/blogs/news/tagged/featured.html]
[solace-store.com/products/POST.html]
[solace-store.com/collections/furnitures.atom]
[solace-store.com/collections/furnitures.html]
[solace-store.com/collections/furnitures.oembed]
[solace-store.com/collections/wood.atom]
[solace-store.com/collections/wood.html]
[solace-store.com/collections/wood.oembed]
[solace-store.com/products/elen-wood-chair.oembed]
[cdn.shopify.com/s/files/1/0605/2062/8438/products/CHARC19ccf.jpg]
[cdn.shopify.com/s/files/1/0605/2062/8438/products/CHARC9ccf.png]
[cdn.shopify.com/s/files/1/0605/2062/8438/products/CHARC242c9.png]
[solace-store.com/products/iglenix-m-vase.html]
[cdn.shopify.com/s/files/1/0605/2062/8438/products/DECORE1_4914ad03-ee08-4bd6-9962-7fee2b7f1033_700xa158.jpg]
[cdn.shopify.com/s/files/1/0605/2062/8438/files/DECOR_E_700xc070.jpg]
[solace-store.com/products/iglenix-m-vase8f51.html]
[solace-store.com/products/iglenix-m-vaseea0d.html]
[solace-store.com/products/iglenix-m-vase76dd.html]
[solace-store.com/products/elen-wood-chair.html]
[solace-store.com/products/elen-wood-chair360a.html]
[solace-store.com/products/elen-wood-chair4757.html]
[solace-store.com/products/elen-wood-chair9a96.html]
[solace-store.com/products/elen-wood-chair64ac.html]
[solace-store.com/products/iglenix-m-vase1f33.html]
[solace-store.com/collections/iron.atom]
[solace-store.com/collections/iron.html]
[solace-store.com/collections/iron.oembed]
[solace-store.com/products/mommy-lamp.oembed]
[cdn.shopify.com/s/files/1/0605/2062/8438/products/LIGHTA1af8a.png]
[cdn.shopify.com/s/files/1/0605/2062/8438/products/LIGHTA07e8.png]
[solace-store.com/products/mommy-lamp.html]
[solace-store.com/products/mommy-lampef49.html]
[solace-store.com/products/mommy-lampbc5c.html]
[solace-store.com/products/mommy-lamp703e.html]
[solace-store.com/products/mommy-lampf27d.html]
[solace-store.com/products/iglenix-vase.oembed]
[cdn.shopify.com/s/files/1/0605/2062/8438/products/DECORG163d6.jpg]
[cdn.shopify.com/s/files/1/0605/2062/8438/products/DECORG5243.jpg]
[solace-store.com/products/iglenix-vase.html]
[solace-store.com/products/iglenix-vasea702.html]
[solace-store.com/products/iglenix-vase1df3.html]
[solace-store.com/products/iglenix-vase1acf.html]
[solace-store.com/products/iglenix-vasea5fe.html]
[solace-store.com/products/fraxinus-dashe.oembed]
[cdn.shopify.com/s/files/1/0605/2062/8438/products/DECORBaad6.jpg]
[solace-store.com/products/fraxinus-dashe816d.html]
[solace-store.com/products/fraxinus-dashef47e.html]
[solace-store.com/products/fraxinus-dashe32ba.html]
[solace-store.com/products/fraxinus-dashe625a.html]
[cdn.shopify.com/s/files/1/0605/2062/8438/products/DECORA142d5.jpg]
[solace-store.com/products/fraxinus-dashe.html]
[solace-store.com/products/century-dashe.oembed]
[cdn.shopify.com/s/files/1/0605/2062/8438/products/DECORA0ef6.jpg]
[cdn.shopify.com/s/files/1/0605/2062/8438/products/DECORE1_4914ad03-ee08-4bd6-9962-7fee2b7f1033a158.jpg]
[solace-store.com/products/century-dashe.html]
[solace-store.com/products/century-dashe2721.html]
[solace-store.com/products/century-dashed171.html]
[solace-store.com/products/century-dasheee53.html]
[solace-store.com/products/century-dashe7bd3.html]
[solace-store.com/products/iglenix-s-vase.oembed]
[cdn.shopify.com/s/files/1/0605/2062/8438/products/DECORF16d9d.jpg]
[cdn.shopify.com/s/files/1/0605/2062/8438/products/DECORF8d9d.jpg]
[solace-store.com/products/iglenix-s-vase.html]
[solace-store.com/products/iglenix-s-vasea4c9.html]
[solace-store.com/products/iglenix-s-vase4b4f.html]
[solace-store.com/products/iglenix-s-vase20ae.html]
[solace-store.com/products/iglenix-s-vase762e.html]
[solace-store.com/products/voiled-lamp.oembed]
[solace-store.com/products/voiled-lamp.html]
[cdn.shopify.com/s/files/1/0605/2062/8438/products/LIGHTEd056.png]
[solace-store.com/products/voiled-lamp4bf5.html]
[solace-store.com/products/voiled-lamp0bed.html]
[solace-store.com/products/voiled-lamp0013.html]
[solace-store.com/products/voiled-lampb96e.html]
[solace-store.com/blogs/news/POST.html]
[solace-store.com/account/POST.html]
[solace-store.com/account/register.html]
[solace-store.com/blogs/news/tagged/POST.html]
[solace-store.com/products/iglenix-m-vase.oembed]
[cdn.shopify.com/s/files/1/0605/2062/8438/products/DECORE93fe.jpg]
[solace-store.com/products/iglenix-m-vase.html]
[solace-store.com/products/iglenix-m-vase8f51.html]
[solace-store.com/products/iglenix-m-vaseea0d.html]
[solace-store.com/products/iglenix-m-vase76dd.html]
[solace-store.com/products/iglenix-m-vase1f33.html]
[solace-store.com/products/fraxinus-dashe816d.html]
[solace-store.com/products/fraxinus-dashef47e.html]
[solace-store.com/products/fraxinus-dashe32ba.html]
[solace-store.com/products/fraxinus-dashe625a.html]
